// Jest Snapshot v1, https://goo.gl/fbAQLP

exports[`rendering render component should output correct tree 1`] = `
<div
  className="button-close-container"
  data-track-component="Close"
  data-track-event="click"
  onClick={[MockFunction]}
  onMouseOut={[MockFunction]}
  onMouseOver={[MockFunction]}
>
  <CloseIcon
    size="medium"
    theme="black"
  />
</div>
`;
