// Jest Snapshot v1, https://goo.gl/fbAQLP

exports[`<RestrictedApplication> rendering project container <Route> should match layout structure 1`] = `
<div>
  <React.Fragment>
    <IntercomBooter
      showNotification={[MockFunction]}
    />
    <SentryUserTracker
      user={
        Object {
          "availableProjects": Array [],
          "email": "john.snow@got.com",
          "firstName": "John",
          "id": "u1",
          "lastName": "Snow",
        }
      }
    />
    <GtmUserTracker
      user={
        Object {
          "availableProjects": Array [],
          "email": "john.snow@got.com",
          "firstName": "John",
          "id": "u1",
          "lastName": "Snow",
        }
      }
    />
    <branch(IntercomUserTracker)
      user={
        Object {
          "availableProjects": Array [],
          "email": "john.snow@got.com",
          "firstName": "John",
          "id": "u1",
          "lastName": "Snow",
        }
      }
    />
    <div
      className="app-layout"
    >
      <div
        className="global-notifications"
      >
        <NotificationsList
          domain="global"
          mapPluginNotificationToComponent={[MockFunction]}
          notifications={Array []}
          showUnexpectedErrorNotification={[MockFunction]}
        />
      </div>
      <header>
        <AppBar
          user={
            Object {
              "availableProjects": Array [],
              "email": "john.snow@got.com",
              "firstName": "John",
              "id": "u1",
              "lastName": "Snow",
            }
          }
        />
      </header>
      <aside>
        <WithProjectKey
          render={[Function]}
          user={
            Object {
              "availableProjects": Array [],
              "email": "john.snow@got.com",
              "firstName": "John",
              "id": "u1",
              "lastName": "Snow",
            }
          }
        />
      </aside>
      <div
        className="main"
        role="main"
      >
        <NotificationsList
          domain="page"
          mapPluginNotificationToComponent={[MockFunction]}
          notifications={Array []}
        />
        <NotificationsList
          domain="side"
          mapPluginNotificationToComponent={[MockFunction]}
          notifications={Array []}
        />
        <Switch>
          <Route
            component={[Function]}
            path="/logout"
          />
          <Redirect
            from="/profile"
            push={false}
            to="/account/profile"
          />
          <Route
            path="/account"
            render={[Function]}
          />
          <Route
            exact={true}
            path="/:projectKey"
            render={[Function]}
          />
          <Route
            exact={true}
            path="/"
            render={[Function]}
          />
          <Route
            exact={false}
            path="/:projectKey"
            render={[Function]}
          />
        </Switch>
      </div>
    </div>
  </React.Fragment>
</div>
`;

exports[`<RestrictedApplication> rendering should match layout structure 1`] = `
<div>
  <React.Fragment>
    <IntercomBooter
      showNotification={[MockFunction]}
    />
    <SentryUserTracker
      user={
        Object {
          "availableProjects": Array [],
          "email": "john.snow@got.com",
          "firstName": "John",
          "id": "u1",
          "lastName": "Snow",
        }
      }
    />
    <GtmUserTracker
      user={
        Object {
          "availableProjects": Array [],
          "email": "john.snow@got.com",
          "firstName": "John",
          "id": "u1",
          "lastName": "Snow",
        }
      }
    />
    <branch(IntercomUserTracker)
      user={
        Object {
          "availableProjects": Array [],
          "email": "john.snow@got.com",
          "firstName": "John",
          "id": "u1",
          "lastName": "Snow",
        }
      }
    />
    <div
      className="app-layout"
    >
      <div
        className="global-notifications"
      >
        <NotificationsList
          domain="global"
          mapPluginNotificationToComponent={[MockFunction]}
          notifications={Array []}
          showUnexpectedErrorNotification={[MockFunction]}
        />
      </div>
      <header>
        <AppBar
          user={
            Object {
              "availableProjects": Array [],
              "email": "john.snow@got.com",
              "firstName": "John",
              "id": "u1",
              "lastName": "Snow",
            }
          }
        />
      </header>
      <aside>
        <WithProjectKey
          render={[Function]}
          user={
            Object {
              "availableProjects": Array [],
              "email": "john.snow@got.com",
              "firstName": "John",
              "id": "u1",
              "lastName": "Snow",
            }
          }
        />
      </aside>
      <div
        className="main"
        role="main"
      >
        <NotificationsList
          domain="page"
          mapPluginNotificationToComponent={[MockFunction]}
          notifications={Array []}
        />
        <NotificationsList
          domain="side"
          mapPluginNotificationToComponent={[MockFunction]}
          notifications={Array []}
        />
        <Switch>
          <Route
            component={[Function]}
            path="/logout"
          />
          <Redirect
            from="/profile"
            push={false}
            to="/account/profile"
          />
          <Route
            path="/account"
            render={[Function]}
          />
          <Route
            exact={true}
            path="/:projectKey"
            render={[Function]}
          />
          <Route
            exact={true}
            path="/"
            render={[Function]}
          />
          <Route
            exact={false}
            path="/:projectKey"
            render={[Function]}
          />
        </Switch>
      </div>
    </div>
  </React.Fragment>
</div>
`;

exports[`<UnrestrictedApplication> rendering should match layout structure 1`] = `
<Switch>
  <Route
    component={[Function]}
    path="/login/sso/callback"
  />
  <Route
    component={[Function]}
    path="/login/sso"
  />
  <Route
    component={[Function]}
    path="/login/locked"
  />
  <Route
    component={[Function]}
    path="/login"
  />
  <Route
    render={[Function]}
  />
</Switch>
`;

exports[`rendering should match main structure 1`] = `
<ConfigurationProvider
  configuration={Object {}}
>
  <ApolloProvider
    client={
      ApolloClient {
        "cache": InMemoryCache {
          "addTypename": true,
          "config": Object {
            "addTypename": true,
            "dataIdFromObject": [Function],
            "fragmentMatcher": IntrospectionFragmentMatcher {
              "isReady": true,
              "match": [Function],
              "possibleTypesMap": Object {},
            },
            "storeFactory": [Function],
          },
          "data": ObjectCache {
            "data": Object {},
          },
          "optimistic": Array [],
          "silenceBroadcast": false,
          "watches": Array [],
        },
        "defaultOptions": Object {},
        "disableNetworkFetches": false,
        "link": ApolloLink {
          "request": [Function],
        },
        "mutate": [Function],
        "query": [Function],
        "queryDeduplication": true,
        "reFetchObservableQueries": [Function],
        "resetStore": [Function],
        "resetStoreCallbacks": Array [],
        "ssrMode": false,
        "store": DataStore {
          "cache": InMemoryCache {
            "addTypename": true,
            "config": Object {
              "addTypename": true,
              "dataIdFromObject": [Function],
              "fragmentMatcher": IntrospectionFragmentMatcher {
                "isReady": true,
                "match": [Function],
                "possibleTypesMap": Object {},
              },
              "storeFactory": [Function],
            },
            "data": ObjectCache {
              "data": Object {},
            },
            "optimistic": Array [],
            "silenceBroadcast": false,
            "watches": Array [],
          },
        },
        "version": "2.2.1",
        "watchQuery": [Function],
      }
    }
  >
    <branch(ConfigureIntlProvider)
      i18n={
        Object {
          "de": Object {},
          "en": Object {},
        }
      }
    >
      <React.Fragment>
        <VersionCheckSubscriber />
        <Connect(RequestsInFlightLoader) />
        <BrowserRouter>
          <IntercomUrlTracker>
            <GtmBooter
              trackingEventWhitelist={Object {}}
            >
              <Authenticated />
            </GtmBooter>
          </IntercomUrlTracker>
        </BrowserRouter>
      </React.Fragment>
    </branch(ConfigureIntlProvider)>
  </ApolloProvider>
</ConfigurationProvider>
`;
