// Jest Snapshot v1, https://goo.gl/fbAQLP

exports[`rendering menu when menu is open should render matching tree 1`] = `
<div>
  <div
    className="settings-container"
    onClick={[MockFunction]}
  >
    <WithMouseOverState(UserAvatar)
      email="john-doe@commercetools.de"
      firstName="John Test"
      lastName="Doe"
    />
  </div>
  <Card
    className="menu"
    type="raised"
  >
    <Inset
      scale="s"
    >
      <TextDetail
        tone="secondary"
      >
        John Test Doe
      </TextDetail>
    </Inset>
    <ToggleFeature
      flag="userProfile"
    >
      <Link
        replace={false}
        to="/profile"
      >
        <div
          className="item"
        >
          <Inset
            scale="s"
          >
            <FormattedMessage
              defaultMessage="My Profile"
              description="The label for user profile option"
              id="UserSettingsMenu.userProfile"
              values={Object {}}
            />
          </Inset>
        </div>
      </Link>
    </ToggleFeature>
    <Link
      data-test="logout-button"
      replace={false}
      to="/logout?reason=user"
    >
      <div
        className="item"
      >
        <Inset
          scale="s"
        >
          <FormattedMessage
            defaultMessage="Logout"
            description="The label for logout option"
            id="UserSettingsMenu.logout"
            values={Object {}}
          />
        </Inset>
      </div>
    </Link>
  </Card>
</div>
`;
