// Jest Snapshot v1, https://goo.gl/fbAQLP

exports[`rendering should ensure layout structure 1`] = `
<Inset
  scale="m"
>
  <Stack
    alignItems="stretch"
    scale="m"
  >
    <InjectIntl(UserProfileGeneralInfoPanel)
      hasSubmitFailed={false}
    />
    <Connect(withTimeZones(InjectIntl(UserProfilePersonalSettingsPanel))) />
  </Stack>
  <PageBottomSpacer />
  <SaveToolbar
    isToolbarDisabled={false}
    isToolbarVisible={false}
    isVisible={false}
    onCancel={[MockFunction]}
    onSave={[MockFunction]}
    route={Object {}}
    shouldWarnOnLeave={false}
  />
</Inset>
`;
