// Jest Snapshot v1, https://goo.gl/fbAQLP

exports[`rendering should ensure layout structure 1`] = `
<Formik
  enableReinitialize={true}
  initialValues={
    Object {
      "email": "john@snow.got",
      "firstName": "John",
      "language": "en",
      "lastName": "Snow",
      "timeZone": "Europe/Berlin",
      "version": 2,
    }
  }
  isInitialValid={false}
  onSubmit={[MockFunction]}
  render={[Function]}
  validate={[Function]}
  validateOnBlur={true}
  validateOnChange={true}
/>
`;
