// Jest Snapshot v1, https://goo.gl/fbAQLP

exports[`rendering should ensure layout structure 1`] = `
<Inset
  scale="m"
>
  <InjectIntl(UserProfileGeneralInfoPanel)
    hasSubmitFailed={false}
  />
  <Connect(withTimeZones(InjectIntl(UserProfilePersonalSettingsPanel))) />
  <PageBottomSpacer />
  <SaveToolbar
    isToolbarDisabled={false}
    isToolbarVisible={false}
    isVisible={false}
    onCancel={[Function]}
    route={Object {}}
    shouldWarnOnLeave={false}
  />
</Inset>
`;
