// Jest Snapshot v1, https://goo.gl/fbAQLP

exports[`rendering should match layout structure 1`] = `
<header
  className="top-navigation"
  data-test="top-navigation"
>
  <Inline
    alignItems="flexStart"
    scale="s"
  >
    <div
      className="logo"
    >
      <img
        alt="Logo"
        className="logo-img"
        src="test-file-stub"
      />
    </div>
    <div
      className="loader-container"
      id="loader-for-requests-in-flight"
    />
  </Inline>
  <div
    className="navigation"
  >
    <FetchUser />
  </div>
</header>
`;
