// Jest Snapshot v1, https://goo.gl/fbAQLP

exports[`rendering when loaded should match snapshot 1`] = `
<div
  className="react-select-wrapper"
  data-track-component="ProjectSwitch"
  data-track-event="click"
>
  <Select
    arrowRenderer={[Function]}
    autoBlur={true}
    autosize={true}
    backspaceRemoves={false}
    backspaceToRemoveMessage="Press backspace to remove {label}"
    className="react-select-container"
    clearAllText="Clear all"
    clearRenderer={[Function]}
    clearValueText="Clear value"
    clearable={false}
    closeOnSelect={true}
    deleteRemoves={true}
    delimiter=","
    disabled={false}
    escapeClearsValue={true}
    filterOptions={[Function]}
    ignoreAccents={true}
    ignoreCase={true}
    inputProps={Object {}}
    isLoading={false}
    joinValues={false}
    labelKey="name"
    matchPos="any"
    matchProp="any"
    menuBuffer={0}
    menuRenderer={[Function]}
    multi={false}
    name="project-switcher"
    noResultsText="No results found"
    onBlurResetsInput={true}
    onChange={[Function]}
    onClose={[Function]}
    onCloseResetsInput={true}
    onOpen={[Function]}
    onSelectResetsInput={true}
    openOnClick={true}
    optionComponent={[Function]}
    optionRenderer={[Function]}
    options={
      Array [
        Object {
          "expired": false,
          "key": "key4",
          "name": "name4",
          "suspension": Object {
            "isActive": false,
          },
        },
        Object {
          "expired": false,
          "key": "key2",
          "name": "name2",
          "suspension": Object {
            "isActive": false,
          },
        },
        Object {
          "expired": false,
          "key": "key1",
          "name": "name1",
          "suspension": Object {
            "isActive": false,
          },
        },
        Object {
          "expired": false,
          "key": "key3",
          "name": "name3",
          "suspension": Object {
            "isActive": false,
          },
        },
      ]
    }
    pageSize={5}
    placeholder="Select..."
    removeSelected={true}
    required={false}
    rtl={false}
    scrollMenuIntoView={true}
    searchable={true}
    simpleValue={false}
    tabSelectsValue={true}
    trimFilter={true}
    value="key1"
    valueComponent={[Function]}
    valueKey="key"
    valueRenderer={[Function]}
  />
</div>
`;
