// Jest Snapshot v1, https://goo.gl/fbAQLP

exports[`rendering should match snapshot 1`] = `
<div
  className="password-hint-item"
>
  <span
    className="icon"
  >
    <SuccessIcon
      size="medium"
      theme="green"
    />
  </span>
  <div
    className="hint fulfilled"
  >
    Hint #1
  </div>
</div>
`;
