// Jest Snapshot v1, https://goo.gl/fbAQLP

exports[`rendering should match snapshot 1`] = `
<div
  className="password-requirement"
>
  <span
    className="icon"
  >
    <SuccessIcon
      size="medium"
      theme="green"
    />
  </span>
  <div
    className="requirement fulfilled"
  >
    Requirement #1
  </div>
</div>
`;
